// Jest Snapshot v1, https://goo.gl/fbAQLP

exports[`Balances renders 1`] = `
<div
  style={
    Object {
      "color": "white",
      "fontFamily": "monospace",
      "fontSize": "1.25rem",
    }
  }
>
  <div />
  <div>
    <button
      onClick={[Function]}
    >
      Send 1 ETH from 0xf39Fd6e51aad88F6F4ce6aB8827279cffFb92266 to 0x70997970C51812dc3A010C7d01b50e0d17dc79C8
    </button>
  </div>
  <div>
    <table>
      <thead>
        <tr>
          <th>
            Address
          </th>
          <th>
            ETH Balance
          </th>
          <th>
             Balance
          </th>
          <th>
            Deposit 1 ETH
          </th>
        </tr>
      </thead>
      <tbody />
    </table>
  </div>
</div>
`;
