// Jest Snapshot v1, https://goo.gl/fbAQLP

exports[`Home renders 1`] = `
<div
  style={
    Object {
      "color": "white",
      "fontSize": "4rem",
    }
  }
>
  PLACEHOLDER PAGE FOR HOME
</div>
`;
