// Jest Snapshot v1, https://goo.gl/fbAQLP

exports[`NavigationBar renders 1`] = `
<div
  className="NavigationBar-component"
>
  <div
    className="NavigationBar-component-title"
  >
    This is the navigation bar.
  </div>
</div>
`;
