// Jest Snapshot v1, https://goo.gl/fbAQLP

exports[`NextGame renders 1`] = `
<div
  style={
    Object {
      "color": "white",
      "fontSize": "1.5rem",
    }
  }
/>
`;
