// Jest Snapshot v1, https://goo.gl/fbAQLP

exports[`SicBo renders 1`] = `
<div
  style={
    Object {
      "color": "white",
      "fontSize": "4rem",
    }
  }
>
  SIC BO
</div>
`;
