// Jest Snapshot v1, https://goo.gl/fbAQLP

exports[`CompletionsCounter renders 1`] = `
<div
  className="CompletionsCounter-component"
/>
`;
