// Jest Snapshot v1, https://goo.gl/fbAQLP

exports[`MostRecentSpinResults renders 1`] = `
<div
  className="MostRecentSpinResults-component"
>
  <ul />
</div>
`;
