// Jest Snapshot v1, https://goo.gl/fbAQLP

exports[`SicBo renders 1`] = `
Array [
  <div>
    <div
      className="ClickableSicBoBet-component"
      style={
        Object {
          "backgroundColor": "inherit",
          "height": 159,
          "left": 0,
          "top": 60,
          "width": 199,
        }
      }
    >
      <div
        className="betting-square-contents"
      >
        <div
          className="betting-square-label"
          style={
            Object {
              "backgroundColor": undefined,
            }
          }
        >
          Small!
        </div>
      </div>
    </div>
    <div
      className="ClickableSicBoBet-component"
      style={
        Object {
          "backgroundColor": "inherit",
          "height": 159,
          "left": 1200,
          "top": 60,
          "width": 199,
        }
      }
    >
      <div
        className="betting-square-contents"
      >
        <div
          className="betting-square-label"
          style={
            Object {
              "backgroundColor": undefined,
            }
          }
        >
          Big!
        </div>
      </div>
    </div>
    <div
      className="ClickableSicBoBet-component"
      style={
        Object {
          "backgroundColor": "inherit",
          "height": 119,
          "left": 210,
          "top": 100,
          "width": 59,
        }
      }
    >
      <div
        className="betting-square-contents"
      >
        <div
          className="betting-square-label"
          style={
            Object {
              "backgroundColor": undefined,
            }
          }
        >
          1 1
        </div>
      </div>
    </div>
    <div
      className="ClickableSicBoBet-component"
      style={
        Object {
          "backgroundColor": "inherit",
          "height": 119,
          "left": 280,
          "top": 100,
          "width": 59,
        }
      }
    >
      <div
        className="betting-square-contents"
      >
        <div
          className="betting-square-label"
          style={
            Object {
              "backgroundColor": undefined,
            }
          }
        >
          2 2
        </div>
      </div>
    </div>
    <div
      className="ClickableSicBoBet-component"
      style={
        Object {
          "backgroundColor": "inherit",
          "height": 119,
          "left": 350,
          "top": 100,
          "width": 59,
        }
      }
    >
      <div
        className="betting-square-contents"
      >
        <div
          className="betting-square-label"
          style={
            Object {
              "backgroundColor": undefined,
            }
          }
        >
          3 3
        </div>
      </div>
    </div>
    <div
      className="ClickableSicBoBet-component"
      style={
        Object {
          "backgroundColor": "inherit",
          "height": 119,
          "left": 990,
          "top": 100,
          "width": 59,
        }
      }
    >
      <div
        className="betting-square-contents"
      >
        <div
          className="betting-square-label"
          style={
            Object {
              "backgroundColor": undefined,
            }
          }
        >
          4 4
        </div>
      </div>
    </div>
    <div
      className="ClickableSicBoBet-component"
      style={
        Object {
          "backgroundColor": "inherit",
          "height": 119,
          "left": 1060,
          "top": 100,
          "width": 59,
        }
      }
    >
      <div
        className="betting-square-contents"
      >
        <div
          className="betting-square-label"
          style={
            Object {
              "backgroundColor": undefined,
            }
          }
        >
          5 5
        </div>
      </div>
    </div>
    <div
      className="ClickableSicBoBet-component"
      style={
        Object {
          "backgroundColor": "inherit",
          "height": 119,
          "left": 1130,
          "top": 100,
          "width": 59,
        }
      }
    >
      <div
        className="betting-square-contents"
      >
        <div
          className="betting-square-label"
          style={
            Object {
              "backgroundColor": undefined,
            }
          }
        >
          6 6
        </div>
      </div>
    </div>
    <div
      className="ClickableSicBoBet-component"
      style={
        Object {
          "backgroundColor": "inherit",
          "height": 39,
          "left": 420,
          "top": 100,
          "width": 119,
        }
      }
    >
      <div
        className="betting-square-contents"
      >
        <div
          className="betting-square-label"
          style={
            Object {
              "backgroundColor": undefined,
            }
          }
        >
          1 1 1
        </div>
      </div>
    </div>
    <div
      className="ClickableSicBoBet-component"
      style={
        Object {
          "backgroundColor": "inherit",
          "height": 39,
          "left": 420,
          "top": 140,
          "width": 119,
        }
      }
    >
      <div
        className="betting-square-contents"
      >
        <div
          className="betting-square-label"
          style={
            Object {
              "backgroundColor": undefined,
            }
          }
        >
          2 2 2
        </div>
      </div>
    </div>
    <div
      className="ClickableSicBoBet-component"
      style={
        Object {
          "backgroundColor": "inherit",
          "height": 39,
          "left": 420,
          "top": 180,
          "width": 119,
        }
      }
    >
      <div
        className="betting-square-contents"
      >
        <div
          className="betting-square-label"
          style={
            Object {
              "backgroundColor": undefined,
            }
          }
        >
          3 3 3
        </div>
      </div>
    </div>
    <div
      className="ClickableSicBoBet-component"
      style={
        Object {
          "backgroundColor": "inherit",
          "height": 39,
          "left": 860,
          "top": 100,
          "width": 119,
        }
      }
    >
      <div
        className="betting-square-contents"
      >
        <div
          className="betting-square-label"
          style={
            Object {
              "backgroundColor": undefined,
            }
          }
        >
          4 4 4
        </div>
      </div>
    </div>
    <div
      className="ClickableSicBoBet-component"
      style={
        Object {
          "backgroundColor": "inherit",
          "height": 39,
          "left": 860,
          "top": 140,
          "width": 119,
        }
      }
    >
      <div
        className="betting-square-contents"
      >
        <div
          className="betting-square-label"
          style={
            Object {
              "backgroundColor": undefined,
            }
          }
        >
          5 5 5
        </div>
      </div>
    </div>
    <div
      className="ClickableSicBoBet-component"
      style={
        Object {
          "backgroundColor": "inherit",
          "height": 39,
          "left": 860,
          "top": 180,
          "width": 119,
        }
      }
    >
      <div
        className="betting-square-contents"
      >
        <div
          className="betting-square-label"
          style={
            Object {
              "backgroundColor": undefined,
            }
          }
        >
          6 6 6
        </div>
      </div>
    </div>
    <div
      className="ClickableSicBoBet-component"
      style={
        Object {
          "backgroundColor": "inherit",
          "height": 119,
          "left": 550,
          "top": 100,
          "width": 299,
        }
      }
    >
      <div
        className="betting-square-contents"
      >
        <div
          className="betting-square-label"
          style={
            Object {
              "backgroundColor": undefined,
            }
          }
        >
          Any Triple
        </div>
      </div>
    </div>
    <div
      className="ClickableSicBoBet-component"
      style={
        Object {
          "backgroundColor": "inherit",
          "height": 159,
          "left": 0,
          "top": 220,
          "width": 99,
        }
      }
    >
      <div
        className="betting-square-contents"
      >
        <div
          className="betting-square-label"
          style={
            Object {
              "backgroundColor": undefined,
            }
          }
        >
          4
        </div>
      </div>
    </div>
    <div
      className="ClickableSicBoBet-component"
      style={
        Object {
          "backgroundColor": "inherit",
          "height": 159,
          "left": 100,
          "top": 220,
          "width": 99,
        }
      }
    >
      <div
        className="betting-square-contents"
      >
        <div
          className="betting-square-label"
          style={
            Object {
              "backgroundColor": undefined,
            }
          }
        >
          5
        </div>
      </div>
    </div>
    <div
      className="ClickableSicBoBet-component"
      style={
        Object {
          "backgroundColor": "inherit",
          "height": 159,
          "left": 200,
          "top": 220,
          "width": 99,
        }
      }
    >
      <div
        className="betting-square-contents"
      >
        <div
          className="betting-square-label"
          style={
            Object {
              "backgroundColor": undefined,
            }
          }
        >
          6
        </div>
      </div>
    </div>
    <div
      className="ClickableSicBoBet-component"
      style={
        Object {
          "backgroundColor": "inherit",
          "height": 159,
          "left": 300,
          "top": 220,
          "width": 99,
        }
      }
    >
      <div
        className="betting-square-contents"
      >
        <div
          className="betting-square-label"
          style={
            Object {
              "backgroundColor": undefined,
            }
          }
        >
          7
        </div>
      </div>
    </div>
    <div
      className="ClickableSicBoBet-component"
      style={
        Object {
          "backgroundColor": "inherit",
          "height": 159,
          "left": 400,
          "top": 220,
          "width": 99,
        }
      }
    >
      <div
        className="betting-square-contents"
      >
        <div
          className="betting-square-label"
          style={
            Object {
              "backgroundColor": undefined,
            }
          }
        >
          8
        </div>
      </div>
    </div>
    <div
      className="ClickableSicBoBet-component"
      style={
        Object {
          "backgroundColor": "inherit",
          "height": 159,
          "left": 500,
          "top": 220,
          "width": 99,
        }
      }
    >
      <div
        className="betting-square-contents"
      >
        <div
          className="betting-square-label"
          style={
            Object {
              "backgroundColor": undefined,
            }
          }
        >
          9
        </div>
      </div>
    </div>
    <div
      className="ClickableSicBoBet-component"
      style={
        Object {
          "backgroundColor": "inherit",
          "height": 159,
          "left": 600,
          "top": 220,
          "width": 99,
        }
      }
    >
      <div
        className="betting-square-contents"
      >
        <div
          className="betting-square-label"
          style={
            Object {
              "backgroundColor": undefined,
            }
          }
        >
          10
        </div>
      </div>
    </div>
    <div
      className="ClickableSicBoBet-component"
      style={
        Object {
          "backgroundColor": "inherit",
          "height": 159,
          "left": 700,
          "top": 220,
          "width": 99,
        }
      }
    >
      <div
        className="betting-square-contents"
      >
        <div
          className="betting-square-label"
          style={
            Object {
              "backgroundColor": undefined,
            }
          }
        >
          11
        </div>
      </div>
    </div>
    <div
      className="ClickableSicBoBet-component"
      style={
        Object {
          "backgroundColor": "inherit",
          "height": 159,
          "left": 800,
          "top": 220,
          "width": 99,
        }
      }
    >
      <div
        className="betting-square-contents"
      >
        <div
          className="betting-square-label"
          style={
            Object {
              "backgroundColor": undefined,
            }
          }
        >
          12
        </div>
      </div>
    </div>
    <div
      className="ClickableSicBoBet-component"
      style={
        Object {
          "backgroundColor": "inherit",
          "height": 159,
          "left": 900,
          "top": 220,
          "width": 99,
        }
      }
    >
      <div
        className="betting-square-contents"
      >
        <div
          className="betting-square-label"
          style={
            Object {
              "backgroundColor": undefined,
            }
          }
        >
          13
        </div>
      </div>
    </div>
    <div
      className="ClickableSicBoBet-component"
      style={
        Object {
          "backgroundColor": "inherit",
          "height": 159,
          "left": 1000,
          "top": 220,
          "width": 99,
        }
      }
    >
      <div
        className="betting-square-contents"
      >
        <div
          className="betting-square-label"
          style={
            Object {
              "backgroundColor": undefined,
            }
          }
        >
          14
        </div>
      </div>
    </div>
    <div
      className="ClickableSicBoBet-component"
      style={
        Object {
          "backgroundColor": "inherit",
          "height": 159,
          "left": 1100,
          "top": 220,
          "width": 99,
        }
      }
    >
      <div
        className="betting-square-contents"
      >
        <div
          className="betting-square-label"
          style={
            Object {
              "backgroundColor": undefined,
            }
          }
        >
          15
        </div>
      </div>
    </div>
    <div
      className="ClickableSicBoBet-component"
      style={
        Object {
          "backgroundColor": "inherit",
          "height": 159,
          "left": 1200,
          "top": 220,
          "width": 99,
        }
      }
    >
      <div
        className="betting-square-contents"
      >
        <div
          className="betting-square-label"
          style={
            Object {
              "backgroundColor": undefined,
            }
          }
        >
          16
        </div>
      </div>
    </div>
    <div
      className="ClickableSicBoBet-component"
      style={
        Object {
          "backgroundColor": "inherit",
          "height": 159,
          "left": 1300,
          "top": 220,
          "width": 99,
        }
      }
    >
      <div
        className="betting-square-contents"
      >
        <div
          className="betting-square-label"
          style={
            Object {
              "backgroundColor": undefined,
            }
          }
        >
          17
        </div>
      </div>
    </div>
    <div
      className="ClickableSicBoBet-component"
      style={
        Object {
          "backgroundColor": "inherit",
          "height": 159,
          "left": 200,
          "top": 380,
          "width": 79,
        }
      }
    >
      <div
        className="betting-square-contents"
      >
        <div
          className="betting-square-label"
          style={
            Object {
              "backgroundColor": undefined,
            }
          }
        >
          1 & 2
        </div>
      </div>
    </div>
    <div
      className="ClickableSicBoBet-component"
      style={
        Object {
          "backgroundColor": "inherit",
          "height": 159,
          "left": 280,
          "top": 380,
          "width": 79,
        }
      }
    >
      <div
        className="betting-square-contents"
      >
        <div
          className="betting-square-label"
          style={
            Object {
              "backgroundColor": undefined,
            }
          }
        >
          1 & 3
        </div>
      </div>
    </div>
    <div
      className="ClickableSicBoBet-component"
      style={
        Object {
          "backgroundColor": "inherit",
          "height": 159,
          "left": 360,
          "top": 380,
          "width": 79,
        }
      }
    >
      <div
        className="betting-square-contents"
      >
        <div
          className="betting-square-label"
          style={
            Object {
              "backgroundColor": undefined,
            }
          }
        >
          1 & 4
        </div>
      </div>
    </div>
    <div
      className="ClickableSicBoBet-component"
      style={
        Object {
          "backgroundColor": "inherit",
          "height": 159,
          "left": 440,
          "top": 380,
          "width": 79,
        }
      }
    >
      <div
        className="betting-square-contents"
      >
        <div
          className="betting-square-label"
          style={
            Object {
              "backgroundColor": undefined,
            }
          }
        >
          1 & 5
        </div>
      </div>
    </div>
    <div
      className="ClickableSicBoBet-component"
      style={
        Object {
          "backgroundColor": "inherit",
          "height": 159,
          "left": 520,
          "top": 380,
          "width": 79,
        }
      }
    >
      <div
        className="betting-square-contents"
      >
        <div
          className="betting-square-label"
          style={
            Object {
              "backgroundColor": undefined,
            }
          }
        >
          1 & 6
        </div>
      </div>
    </div>
    <div
      className="ClickableSicBoBet-component"
      style={
        Object {
          "backgroundColor": "inherit",
          "height": 159,
          "left": 600,
          "top": 380,
          "width": 79,
        }
      }
    >
      <div
        className="betting-square-contents"
      >
        <div
          className="betting-square-label"
          style={
            Object {
              "backgroundColor": undefined,
            }
          }
        >
          2 & 3
        </div>
      </div>
    </div>
    <div
      className="ClickableSicBoBet-component"
      style={
        Object {
          "backgroundColor": "inherit",
          "height": 159,
          "left": 680,
          "top": 380,
          "width": 79,
        }
      }
    >
      <div
        className="betting-square-contents"
      >
        <div
          className="betting-square-label"
          style={
            Object {
              "backgroundColor": undefined,
            }
          }
        >
          2 & 4
        </div>
      </div>
    </div>
    <div
      className="ClickableSicBoBet-component"
      style={
        Object {
          "backgroundColor": "inherit",
          "height": 159,
          "left": 760,
          "top": 380,
          "width": 79,
        }
      }
    >
      <div
        className="betting-square-contents"
      >
        <div
          className="betting-square-label"
          style={
            Object {
              "backgroundColor": undefined,
            }
          }
        >
          2 & 5
        </div>
      </div>
    </div>
    <div
      className="ClickableSicBoBet-component"
      style={
        Object {
          "backgroundColor": "inherit",
          "height": 159,
          "left": 840,
          "top": 380,
          "width": 79,
        }
      }
    >
      <div
        className="betting-square-contents"
      >
        <div
          className="betting-square-label"
          style={
            Object {
              "backgroundColor": undefined,
            }
          }
        >
          2 & 6
        </div>
      </div>
    </div>
    <div
      className="ClickableSicBoBet-component"
      style={
        Object {
          "backgroundColor": "inherit",
          "height": 159,
          "left": 920,
          "top": 380,
          "width": 79,
        }
      }
    >
      <div
        className="betting-square-contents"
      >
        <div
          className="betting-square-label"
          style={
            Object {
              "backgroundColor": undefined,
            }
          }
        >
          3 & 4
        </div>
      </div>
    </div>
    <div
      className="ClickableSicBoBet-component"
      style={
        Object {
          "backgroundColor": "inherit",
          "height": 159,
          "left": 1000,
          "top": 380,
          "width": 79,
        }
      }
    >
      <div
        className="betting-square-contents"
      >
        <div
          className="betting-square-label"
          style={
            Object {
              "backgroundColor": undefined,
            }
          }
        >
          3 & 5
        </div>
      </div>
    </div>
    <div
      className="ClickableSicBoBet-component"
      style={
        Object {
          "backgroundColor": "inherit",
          "height": 159,
          "left": 1080,
          "top": 380,
          "width": 79,
        }
      }
    >
      <div
        className="betting-square-contents"
      >
        <div
          className="betting-square-label"
          style={
            Object {
              "backgroundColor": undefined,
            }
          }
        >
          3 & 6
        </div>
      </div>
    </div>
    <div
      className="ClickableSicBoBet-component"
      style={
        Object {
          "backgroundColor": "inherit",
          "height": 159,
          "left": 1160,
          "top": 380,
          "width": 79,
        }
      }
    >
      <div
        className="betting-square-contents"
      >
        <div
          className="betting-square-label"
          style={
            Object {
              "backgroundColor": undefined,
            }
          }
        >
          4 & 5
        </div>
      </div>
    </div>
    <div
      className="ClickableSicBoBet-component"
      style={
        Object {
          "backgroundColor": "inherit",
          "height": 159,
          "left": 1240,
          "top": 380,
          "width": 79,
        }
      }
    >
      <div
        className="betting-square-contents"
      >
        <div
          className="betting-square-label"
          style={
            Object {
              "backgroundColor": undefined,
            }
          }
        >
          4 & 6
        </div>
      </div>
    </div>
    <div
      className="ClickableSicBoBet-component"
      style={
        Object {
          "backgroundColor": "inherit",
          "height": 159,
          "left": 1320,
          "top": 380,
          "width": 79,
        }
      }
    >
      <div
        className="betting-square-contents"
      >
        <div
          className="betting-square-label"
          style={
            Object {
              "backgroundColor": undefined,
            }
          }
        >
          5 & 6
        </div>
      </div>
    </div>
    <div
      className="ClickableSicBoBet-component"
      style={
        Object {
          "backgroundColor": "inherit",
          "height": 79,
          "left": 0,
          "top": 540,
          "width": 219,
        }
      }
    >
      <div
        className="betting-square-contents"
      >
        <div
          className="betting-square-label"
          style={
            Object {
              "backgroundColor": undefined,
            }
          }
        >
          1
        </div>
      </div>
    </div>
    <div
      className="ClickableSicBoBet-component"
      style={
        Object {
          "backgroundColor": "inherit",
          "height": 79,
          "left": 230,
          "top": 540,
          "width": 219,
        }
      }
    >
      <div
        className="betting-square-contents"
      >
        <div
          className="betting-square-label"
          style={
            Object {
              "backgroundColor": undefined,
            }
          }
        >
          2
        </div>
      </div>
    </div>
    <div
      className="ClickableSicBoBet-component"
      style={
        Object {
          "backgroundColor": "inherit",
          "height": 79,
          "left": 460,
          "top": 540,
          "width": 219,
        }
      }
    >
      <div
        className="betting-square-contents"
      >
        <div
          className="betting-square-label"
          style={
            Object {
              "backgroundColor": undefined,
            }
          }
        >
          3
        </div>
      </div>
    </div>
    <div
      className="ClickableSicBoBet-component"
      style={
        Object {
          "backgroundColor": "inherit",
          "height": 79,
          "left": 690,
          "top": 540,
          "width": 219,
        }
      }
    >
      <div
        className="betting-square-contents"
      >
        <div
          className="betting-square-label"
          style={
            Object {
              "backgroundColor": undefined,
            }
          }
        >
          4
        </div>
      </div>
    </div>
    <div
      className="ClickableSicBoBet-component"
      style={
        Object {
          "backgroundColor": "inherit",
          "height": 79,
          "left": 920,
          "top": 540,
          "width": 219,
        }
      }
    >
      <div
        className="betting-square-contents"
      >
        <div
          className="betting-square-label"
          style={
            Object {
              "backgroundColor": undefined,
            }
          }
        >
          5
        </div>
      </div>
    </div>
    <div
      className="ClickableSicBoBet-component"
      style={
        Object {
          "backgroundColor": "inherit",
          "height": 79,
          "left": 1180,
          "top": 540,
          "width": 219,
        }
      }
    >
      <div
        className="betting-square-contents"
      >
        <div
          className="betting-square-label"
          style={
            Object {
              "backgroundColor": undefined,
            }
          }
        >
          6
        </div>
      </div>
    </div>
  </div>,
  <div
    className="SicBo-PlayerInfo-component"
  >
    <div>
      Owned Bal.
      <br />
      10000
    </div>
    <div>
      Chips in Hand
      <br />
      10000
    </div>
    <div>
      Total Bet
      <br />
      0
    </div>
  </div>,
]
`;
